node:internal/modules/cjs/loader:1137
  throw err;
  ^

Error: Cannot find module 'express'
Require stack:
- /mnt/e/EDUCATION/YEAR-3/Semester 3/Connectivity_Services-Platforms/learning/Lab3/fit4110-17-09-fit4110_lab03-FIT4110_lab03_postman_mock_testing/mock-server.js
    at Module._resolveFilename (node:internal/modules/cjs/loader:1134:15)
    at Module._load (node:internal/modules/cjs/loader:975:27)
    at Module.require (node:internal/modules/cjs/loader:1225:19)
    at require (node:internal/modules/helpers:177:18)
    at Object.<anonymous> (/mnt/e/EDUCATION/YEAR-3/Semester 3/Connectivity_Services-Platforms/learning/Lab3/fit4110-17-09-fit4110_lab03-FIT4110_lab03_postman_mock_testing/mock-server.js:8:17)
    at Module._compile (node:internal/modules/cjs/loader:1356:14)
    at Module._extensions..js (node:internal/modules/cjs/loader:1414:10)
    at Module.load (node:internal/modules/cjs/loader:1197:32)
    at Module._load (node:internal/modules/cjs/loader:1013:12)
    at Function.executeUserEntryPoint [as runMain] (node:internal/modules/run_main:128:12) {
  code: 'MODULE_NOT_FOUND',
  requireStack: [
    '/mnt/e/EDUCATION/YEAR-3/Semester 3/Connectivity_Services-Platforms/learning/Lab3/fit4110-17-09-fit4110_lab03-FIT4110_lab03_postman_mock_testing/mock-server.js'
  ]
}

Node.js v18.19.1
